2025-12-18 12:41:55 [INFO]: Server started on port 3000
2025-12-18 12:43:24 [INFO]: Redis connected successfully ✅
2025-12-18 12:43:24 [INFO]: Server started on port 3000
2025-12-18 12:44:22 [INFO]: Redis connected successfully ✅
2025-12-18 12:44:22 [INFO]: Server started on port 3000
2025-12-18 12:44:22 [INFO]: Database connected successfully ✔
2025-12-18 12:44:40 [INFO]: Redis connected successfully ✅
2025-12-18 12:44:40 [INFO]: Server started on port 3000
2025-12-18 12:44:40 [INFO]: Database connected successfully ✔
2025-12-18 12:47:12 [INFO]: Redis connected successfully ✅
2025-12-18 12:47:12 [INFO]: Server started on port 3000
2025-12-18 12:47:12 [INFO]: Database connected successfully ✔
2025-12-18 12:55:22 [INFO]: PDF PATH:
2025-12-18 12:55:22 [INFO]: ✅ Email sent with PDF
2025-12-18 12:58:49 [INFO]: PDF PATH:
2025-12-18 12:58:49 [INFO]: ✅ Email sent with PDF
2025-12-18 13:00:00 [INFO]: Redis connected successfully ✅
2025-12-18 13:00:00 [INFO]: Server started on port 3000
2025-12-18 13:00:00 [INFO]: Database connected successfully ✔
2025-12-18 13:00:02 [INFO]: PDF PATH:
2025-12-18 13:00:02 [INFO]: ✅ Email sent with PDF
2025-12-18 15:25:28 [INFO]: Redis connected successfully ✅
2025-12-18 15:25:28 [INFO]: Server started on port 3000
2025-12-18 15:25:29 [INFO]: Database connected successfully ✔
2025-12-19 11:16:53 [INFO]: PDF PATH:
2025-12-19 11:16:53 [INFO]: ✅ Email sent with PDF
